// Jest Snapshot v1, https://goo.gl/fbAQLP

exports[`App renders stuff 1`] = `<TextFormatter />`;
